# creating role 
labi@DESKTOP-2FVRGUF:~$ ansible-galaxy init --force --offline labeebrole
- Role labeebrole was created successfully
labi@DESKTOP-2FVRGUF:~$ tree labeebrole/

Command 'tree' not found, but can be installed with:

sudo apt install tree

labi@DESKTOP-2FVRGUF:~$ sudo apt install tree
Reading package lists... Done
Building dependency tree
Reading state information... Done
The following NEW packages will be installed:
  tree
0 upgraded, 1 newly installed, 0 to remove and 0 not upgraded.
Need to get 43.0 kB of archives.
After this operation, 115 kB of additional disk space will be used.
Get:1 http://archive.ubuntu.com/ubuntu focal/universe amd64 tree amd64 1.8.0-1 [43.0 kB]
Fetched 43.0 kB in 1s (55.1 kB/s)
Selecting previously unselected package tree.
(Reading database ... 76950 files and directories currently installed.)
Preparing to unpack .../tree_1.8.0-1_amd64.deb ...
Unpacking tree (1.8.0-1) ...
Setting up tree (1.8.0-1) ...
Processing triggers for man-db (2.9.1-1) ...
labi@DESKTOP-2FVRGUF:~$ tree labeebrole/
labeebrole/
├── README.md
├── defaults
│   └── main.yml
├── files
├── handlers
│   └── main.yml
├── meta
│   └── main.yml
├── tasks
│   └── main.yml
├── templates
├── tests
│   ├── inventory
│   └── test.yml
└── vars
    └── main.yml

8 directories, 8 files
labi@DESKTOP-2FVRGUF:~$ cd labeebrole
labi@DESKTOP-2FVRGUF:~/labeebrole$ cd tasks
labi@DESKTOP-2FVRGUF:~/labeebrole/tasks$ cat main.yaml
cat: main.yaml: No such file or directory
labi@DESKTOP-2FVRGUF:~/labeebrole/tasks$ cat main.yml
---
# tasks file for labeebrole

labi@DESKTOP-2FVRGUF:~/labeebrole/tasks$ nano

# create install tomcat role
labi@DESKTOP-2FVRGUF:~$ ansible-galaxy init --force --offline start-tomcat
- Role start-tomcat was created successfully

# create start tomcat role
labi@DESKTOP-2FVRGUF:~$ ansible-galaxy init --force --offline install-tomcat
- Role install-tomcat was created successfully

labi@DESKTOP-2FVRGUF:~$ ls
arguments.sh  hello.sh      info.yaml       parent
for.sh        hello_fnc.sh  install-tomcat  start-tomcat
for_array.sh  if.sh         labeebrole      trainee

labi@DESKTOP-2FVRGUF:~$ cd install-tomcat
labi@DESKTOP-2FVRGUF:~/install-tomcat$ cd tasks
labi@DESKTOP-2FVRGUF:~/install-tomcat/tasks$ nano main.yml

labi@DESKTOP-2FVRGUF:~/install-tomcat/tasks$ cd ..
labi@DESKTOP-2FVRGUF:~/install-tomcat$ cd ..

labi@DESKTOP-2FVRGUF:~$ cd start-tomcat
labi@DESKTOP-2FVRGUF:~/start-tomcat$ cd tasks
labi@DESKTOP-2FVRGUF:~/start-tomcat/tasks$ nano main.yml

labi@DESKTOP-2FVRGUF:~$ ls
arguments.sh  hello_fnc.sh    labeeb_orchestrate.yml  trainee
for.sh        if.sh           labeebrole
for_array.sh  info.yaml       parent
hello.sh      install-tomcat  start-tomcat

labi@DESKTOP-2FVRGUF:~$ nano labeeb_orchestrate.yml
labi@DESKTOP-2FVRGUF:~$ sudo ansible-playbook -i hosts labeeb_orchestrate.yml